
> wyzdesign@0.1.0 build
> next build

▲ Next.js 16.3.1 (Turbopack)
- Environments: .env.local
[@sentry/nextjs] DEPRECATION WARNING: disableLogger is deprecated and will be removed in a future version. Use webpack.treeshake.removeDebugLogging instead. (Not supported with Turbopack.)
✓ Running next.config.ts took 797ms
- Experiments (use with caution):
  · clientTraceMetadata
  · optimizePackageImports

  Creating an optimized production build ...
[@sentry/nextjs] DEPRECATION WARNING: disableLogger is deprecated and will be removed in a future version. Use webpack.treeshake.removeDebugLogging instead. (Not supported with Turbopack.)

> Build error occurred
Error: Turbopack build failed with 1 error:
./src/app/(muse)/muse/screens/DiscoverScreen.tsx:586:6
Error: Unterminated regexp literal
  584 |       </>
  585 |       </div>
> 586 |     </div>
      |      ^^^^^
  587 |   );
  588 | });
  589 |

Parsing ecmascript source code failed

Import traces:
  Client Component Browser:
    ./src/app/(muse)/muse/screens/DiscoverScreen.tsx [Client Component Browser]
    ./src/app/(muse)/muse/page.tsx [Client Component Browser]
    ./src/app/(muse)/muse/page.tsx [Server Component]

  Client Component SSR:
    ./src/app/(muse)/muse/screens/DiscoverScreen.tsx [Client Component SSR]
    ./src/app/(muse)/muse/page.tsx [Client Component SSR]
    ./src/app/(muse)/muse/page.tsx [Server Component]


    at <unknown> (./src/app/(muse)/muse/screens/DiscoverScreen.tsx:586:6)
